23:00:25 **** Build of configuration Debug for project vitis1b ****
make all 
make --no-print-directory pre-build
a9-linaro-pre-build-step
' '
make --no-print-directory main-build
'Building file: ../src/main.c'
'Invoking: ARM v7 gcc compiler'
arm-none-eabi-gcc -Wall -O0 -g3 -c -fmessage-length=0 -MT"src/main.o" -mcpu=cortex-a9 -mfpu=vfpv3 -mfloat-abi=hard -IC:/Users/jorda/VivadoProjects/SavedProjects2/project_1b/design_1_wrapper/export/design_1_wrapper/sw/design_1_wrapper/standalone_ps7_cortexa9_0/bspinclude/include -MMD -MP -MF"src/main.d" -MT"src/main.o" -o "src/main.o" "../src/main.c"
'Finished building: ../src/main.c'
' '
'Building target: vitis1b.elf'
'Invoking: ARM v7 gcc linker'
arm-none-eabi-gcc -mcpu=cortex-a9 -mfpu=vfpv3 -mfloat-abi=hard -Wl,-build-id=none -specs=Xilinx.spec -Wl,-T -Wl,../src/lscript.ld -LC:/Users/jorda/VivadoProjects/SavedProjects2/project_1b/design_1_wrapper/export/design_1_wrapper/sw/design_1_wrapper/standalone_ps7_cortexa9_0/bsplib/lib -o "vitis1b.elf"  ./src/main.o   -Wl,--start-group,-lxil,-lgcc,-lc,--end-group
'Finished building target: vitis1b.elf'
' '
'Invoking: ARM v7 Print Size'
arm-none-eabi-size vitis1b.elf  |tee "vitis1b.elf.size"
   text	   data	    bss	    dec	    hex	filename
  18728	   1144	  22568	  42440	   a5c8	vitis1b.elf
'Finished building: vitis1b.elf.size'
' '

23:00:26 Build Finished (took 1s.122ms)

