11:31:36 INFO  : Platform repository initialization has completed.
11:31:36 INFO  : Registering command handlers for Vitis TCF services
11:31:36 INFO  : Launching XSCT server: xsct.bat -n  -interactive C:\Users\jorda\VivadoProjects\SavedProjects\project_1a\p1aVITIS\temp_xsdb_launch_script.tcl
11:31:38 INFO  : XSCT server has started successfully.
11:31:38 INFO  : Successfully done setting XSCT server connection channel  
11:31:38 INFO  : plnx-install-location is set to ''
11:31:38 INFO  : Successfully done setting workspace for the tool. 
11:31:38 INFO  : Successfully done query RDI_DATADIR 
11:32:38 INFO  : Result from executing command 'getProjects': design_1_wrapper
11:32:38 INFO  : Result from executing command 'getPlatforms': 
11:32:39 WARN  : An unexpected exception occurred in the module 'platform project logging'
11:32:39 INFO  : Platform 'design_1_wrapper' is added to custom repositories.
11:32:46 INFO  : Platform 'design_1_wrapper' is added to custom repositories.
11:34:34 INFO  : Result from executing command 'getProjects': design_1_wrapper
11:34:34 INFO  : Result from executing command 'getPlatforms': design_1_wrapper|C:/Users/jorda/VivadoProjects/SavedProjects/project_1a/p1aVITIS/design_1_wrapper/export/design_1_wrapper/design_1_wrapper.xpfm
11:34:35 INFO  : Checking for BSP changes to sync application flags for project 'p1a'...
11:35:39 INFO  : Connected to target on host '127.0.0.1' and port '3121'.
11:35:39 INFO  : Jtag cable 'Digilent Zybo Z7 210351BFAA74A' is selected.
11:35:39 INFO  : 'jtag frequency' command is executed.
11:35:39 INFO  : Context for 'APU' is selected.
11:35:39 INFO  : System reset is completed.
11:35:43 INFO  : 'after 3000' command is executed.
11:35:43 INFO  : 'targets -set -filter {jtag_cable_name =~ "Digilent Zybo Z7 210351BFAA74A" && level==0 && jtag_device_ctx=="jsn-Zybo Z7-210351BFAA74A-13722093-0"}' command is executed.
11:35:44 INFO  : Device configured successfully with "C:/Users/jorda/VivadoProjects/SavedProjects/project_1a/p1aVITIS/p1a/_ide/bitstream/design_1_wrapper.bit"
11:35:44 INFO  : Context for 'APU' is selected.
11:35:44 INFO  : Hardware design and registers information is loaded from 'C:/Users/jorda/VivadoProjects/SavedProjects/project_1a/p1aVITIS/design_1_wrapper/export/design_1_wrapper/hw/design_1_wrapper.xsa'.
11:35:44 INFO  : 'configparams force-mem-access 1' command is executed.
11:35:44 INFO  : Context for 'APU' is selected.
11:35:44 INFO  : Sourcing of 'C:/Users/jorda/VivadoProjects/SavedProjects/project_1a/p1aVITIS/p1a/_ide/psinit/ps7_init.tcl' is done.
11:35:44 INFO  : 'ps7_init' command is executed.
11:35:44 INFO  : 'ps7_post_config' command is executed.
11:35:44 INFO  : Context for processor 'ps7_cortexa9_0' is selected.
11:35:44 INFO  : The application 'C:/Users/jorda/VivadoProjects/SavedProjects/project_1a/p1aVITIS/p1a/Debug/p1a.elf' is downloaded to processor 'ps7_cortexa9_0'.
11:35:44 INFO  : 'configparams force-mem-access 0' command is executed.
11:35:44 INFO  : ----------------XSDB Script----------------
connect -url tcp:127.0.0.1:3121
targets -set -nocase -filter {name =~"APU*"}
rst -system
after 3000
targets -set -filter {jtag_cable_name =~ "Digilent Zybo Z7 210351BFAA74A" && level==0 && jtag_device_ctx=="jsn-Zybo Z7-210351BFAA74A-13722093-0"}
fpga -file C:/Users/jorda/VivadoProjects/SavedProjects/project_1a/p1aVITIS/p1a/_ide/bitstream/design_1_wrapper.bit
targets -set -nocase -filter {name =~"APU*"}
loadhw -hw C:/Users/jorda/VivadoProjects/SavedProjects/project_1a/p1aVITIS/design_1_wrapper/export/design_1_wrapper/hw/design_1_wrapper.xsa -mem-ranges [list {0x40000000 0xbfffffff}] -regs
configparams force-mem-access 1
targets -set -nocase -filter {name =~"APU*"}
source C:/Users/jorda/VivadoProjects/SavedProjects/project_1a/p1aVITIS/p1a/_ide/psinit/ps7_init.tcl
ps7_init
ps7_post_config
targets -set -nocase -filter {name =~ "*A9*#0"}
dow C:/Users/jorda/VivadoProjects/SavedProjects/project_1a/p1aVITIS/p1a/Debug/p1a.elf
configparams force-mem-access 0
----------------End of Script----------------

11:35:45 INFO  : Context for processor 'ps7_cortexa9_0' is selected.
11:35:45 INFO  : 'con' command is executed.
11:35:45 INFO  : ----------------XSDB Script (After Launch)----------------
targets -set -nocase -filter {name =~ "*A9*#0"}
con
----------------End of Script----------------

11:35:45 INFO  : Launch script is exported to file 'C:\Users\jorda\VivadoProjects\SavedProjects\project_1a\p1aVITIS\p1a_system\_ide\scripts\systemdebugger_p1a_system_standalone.tcl'
11:51:30 INFO  : Disconnected from the channel tcfchan#3.
