11:34:35 **** Build of configuration Debug for project p1a ****
make all 
make --no-print-directory pre-build
a9-linaro-pre-build-step
' '
make --no-print-directory main-build
'Building file: ../src/main.c'
'Invoking: ARM v7 gcc compiler'
arm-none-eabi-gcc -Wall -O0 -g3 -c -fmessage-length=0 -MT"src/main.o" -mcpu=cortex-a9 -mfpu=vfpv3 -mfloat-abi=hard -IC:/Users/jorda/VivadoProjects/SavedProjects/project_1a/p1aVITIS/design_1_wrapper/export/design_1_wrapper/sw/design_1_wrapper/standalone_ps7_cortexa9_0/bspinclude/include -MMD -MP -MF"src/main.d" -MT"src/main.o" -o "src/main.o" "../src/main.c"
'Finished building: ../src/main.c'
' '
'Building target: p1a.elf'
'Invoking: ARM v7 gcc linker'
arm-none-eabi-gcc -mcpu=cortex-a9 -mfpu=vfpv3 -mfloat-abi=hard -Wl,-build-id=none -specs=Xilinx.spec -Wl,-T -Wl,../src/lscript.ld -LC:/Users/jorda/VivadoProjects/SavedProjects/project_1a/p1aVITIS/design_1_wrapper/export/design_1_wrapper/sw/design_1_wrapper/standalone_ps7_cortexa9_0/bsplib/lib -o "p1a.elf"  ./src/main.o   -Wl,--start-group,-lxil,-lgcc,-lc,--end-group
'Finished building target: p1a.elf'
' '
'Invoking: ARM v7 Print Size'
arm-none-eabi-size p1a.elf  |tee "p1a.elf.size"
   text	   data	    bss	    dec	    hex	filename
  18660	   1144	  22568	  42372	   a584	p1a.elf
'Finished building: p1a.elf.size'
' '

11:34:36 Build Finished (took 919ms)

