
*** Running vivado
    with args -log design_1_wrapper.vdi -applog -m64 -product Vivado -messageDb vivado.pb -mode batch -source design_1_wrapper.tcl -notrace



****** Vivado v2021.1 (64-bit)
  **** SW Build 3247384 on Thu Jun 10 19:36:33 MDT 2021
  **** IP Build 3246043 on Fri Jun 11 00:30:35 MDT 2021
    ** Copyright 1986-2021 Xilinx, Inc. All Rights Reserved.

source design_1_wrapper.tcl -notrace
INFO: [IP_Flow 19-234] Refreshing IP repositories
INFO: [IP_Flow 19-1700] Loaded user IP repository 'c:/Users/jorda/VivadoProjects/SavedProjects2/ip_repo/AUP_advanced_SoC_1.0'.
INFO: [IP_Flow 19-2313] Loaded Vivado IP repository 'D:/Xilinx/Vivado/2021.1/data/ip'.
Command: link_design -top design_1_wrapper -part xc7z010clg400-1
Design is defaulting to srcset: sources_1
Design is defaulting to constrset: constrs_1
INFO: [Device 21-403] Loading part xc7z010clg400-1
INFO: [Project 1-454] Reading design checkpoint 'c:/Users/jorda/VivadoProjects/SavedProjects2/project_1b/project_1b.gen/sources_1/bd/design_1/ip/design_1_AUP_advanced_SoC_0_0/design_1_AUP_advanced_SoC_0_0.dcp' for cell 'design_1_i/AUP_advanced_SoC_0'
INFO: [Project 1-454] Reading design checkpoint 'c:/Users/jorda/VivadoProjects/SavedProjects2/project_1b/project_1b.gen/sources_1/bd/design_1/ip/design_1_processing_system7_0_0/design_1_processing_system7_0_0.dcp' for cell 'design_1_i/processing_system7_0'
INFO: [Project 1-454] Reading design checkpoint 'c:/Users/jorda/VivadoProjects/SavedProjects2/project_1b/project_1b.gen/sources_1/bd/design_1/ip/design_1_rst_ps7_0_50M_0/design_1_rst_ps7_0_50M_0.dcp' for cell 'design_1_i/rst_ps7_0_50M'
INFO: [Project 1-454] Reading design checkpoint 'c:/Users/jorda/VivadoProjects/SavedProjects2/project_1b/project_1b.gen/sources_1/bd/design_1/ip/design_1_auto_pc_0/design_1_auto_pc_0.dcp' for cell 'design_1_i/ps7_0_axi_periph/s00_couplers/auto_pc'
Netlist sorting complete. Time (s): cpu = 00:00:00 ; elapsed = 00:00:00.034 . Memory (MB): peak = 1283.137 ; gain = 0.000
INFO: [Netlist 29-17] Analyzing 18 Unisim elements for replacement
INFO: [Netlist 29-28] Unisim Transformation completed in 0 CPU seconds
INFO: [Project 1-479] Netlist was created with Vivado 2021.1
INFO: [Project 1-570] Preparing netlist for logic optimization
Parsing XDC File [c:/Users/jorda/VivadoProjects/SavedProjects2/project_1b/project_1b.gen/sources_1/bd/design_1/ip/design_1_processing_system7_0_0/design_1_processing_system7_0_0.xdc] for cell 'design_1_i/processing_system7_0/inst'
Finished Parsing XDC File [c:/Users/jorda/VivadoProjects/SavedProjects2/project_1b/project_1b.gen/sources_1/bd/design_1/ip/design_1_processing_system7_0_0/design_1_processing_system7_0_0.xdc] for cell 'design_1_i/processing_system7_0/inst'
Parsing XDC File [c:/Users/jorda/VivadoProjects/SavedProjects2/project_1b/project_1b.gen/sources_1/bd/design_1/ip/design_1_rst_ps7_0_50M_0/design_1_rst_ps7_0_50M_0_board.xdc] for cell 'design_1_i/rst_ps7_0_50M/U0'
Finished Parsing XDC File [c:/Users/jorda/VivadoProjects/SavedProjects2/project_1b/project_1b.gen/sources_1/bd/design_1/ip/design_1_rst_ps7_0_50M_0/design_1_rst_ps7_0_50M_0_board.xdc] for cell 'design_1_i/rst_ps7_0_50M/U0'
Parsing XDC File [c:/Users/jorda/VivadoProjects/SavedProjects2/project_1b/project_1b.gen/sources_1/bd/design_1/ip/design_1_rst_ps7_0_50M_0/design_1_rst_ps7_0_50M_0.xdc] for cell 'design_1_i/rst_ps7_0_50M/U0'
Finished Parsing XDC File [c:/Users/jorda/VivadoProjects/SavedProjects2/project_1b/project_1b.gen/sources_1/bd/design_1/ip/design_1_rst_ps7_0_50M_0/design_1_rst_ps7_0_50M_0.xdc] for cell 'design_1_i/rst_ps7_0_50M/U0'
Parsing XDC File [C:/Users/jorda/VivadoProjects/SavedProjects2/project_1b/project_1b.srcs/constrs_1/new/pin_constraints.xdc]
WARNING: [Vivado 12-584] No ports matched 'CLK_I'. [C:/Users/jorda/VivadoProjects/SavedProjects2/project_1b/project_1b.srcs/constrs_1/new/pin_constraints.xdc:8]
CRITICAL WARNING: [Common 17-55] 'set_property' expects at least one object. [C:/Users/jorda/VivadoProjects/SavedProjects2/project_1b/project_1b.srcs/constrs_1/new/pin_constraints.xdc:8]
Resolution: If [get_<value>] was used to populate the object, check to make sure this command returns at least one valid object.
WARNING: [Vivado 12-584] No ports matched 'CLK_I'. [C:/Users/jorda/VivadoProjects/SavedProjects2/project_1b/project_1b.srcs/constrs_1/new/pin_constraints.xdc:9]
CRITICAL WARNING: [Vivado 12-4739] create_clock:No valid object(s) found for '-objects [get_ports CLK_I]'. [C:/Users/jorda/VivadoProjects/SavedProjects2/project_1b/project_1b.srcs/constrs_1/new/pin_constraints.xdc:9]
Resolution: Check if the specified object(s) exists in the current design. If it does, ensure that the correct design hierarchy was specified for the object. If you are working with clocks, make sure create_clock was used to create the clock object before it is referenced.
WARNING: [Vivado 12-584] No ports matched 'VGA_R[0]'. [C:/Users/jorda/VivadoProjects/SavedProjects2/project_1b/project_1b.srcs/constrs_1/new/pin_constraints.xdc:125]
CRITICAL WARNING: [Common 17-55] 'set_property' expects at least one object. [C:/Users/jorda/VivadoProjects/SavedProjects2/project_1b/project_1b.srcs/constrs_1/new/pin_constraints.xdc:125]
Resolution: If [get_<value>] was used to populate the object, check to make sure this command returns at least one valid object.
WARNING: [Vivado 12-584] No ports matched 'VGA_R[1]'. [C:/Users/jorda/VivadoProjects/SavedProjects2/project_1b/project_1b.srcs/constrs_1/new/pin_constraints.xdc:126]
CRITICAL WARNING: [Common 17-55] 'set_property' expects at least one object. [C:/Users/jorda/VivadoProjects/SavedProjects2/project_1b/project_1b.srcs/constrs_1/new/pin_constraints.xdc:126]
Resolution: If [get_<value>] was used to populate the object, check to make sure this command returns at least one valid object.
WARNING: [Vivado 12-584] No ports matched 'VGA_R[2]'. [C:/Users/jorda/VivadoProjects/SavedProjects2/project_1b/project_1b.srcs/constrs_1/new/pin_constraints.xdc:127]
CRITICAL WARNING: [Common 17-55] 'set_property' expects at least one object. [C:/Users/jorda/VivadoProjects/SavedProjects2/project_1b/project_1b.srcs/constrs_1/new/pin_constraints.xdc:127]
Resolution: If [get_<value>] was used to populate the object, check to make sure this command returns at least one valid object.
WARNING: [Vivado 12-584] No ports matched 'VGA_R[3]'. [C:/Users/jorda/VivadoProjects/SavedProjects2/project_1b/project_1b.srcs/constrs_1/new/pin_constraints.xdc:128]
CRITICAL WARNING: [Common 17-55] 'set_property' expects at least one object. [C:/Users/jorda/VivadoProjects/SavedProjects2/project_1b/project_1b.srcs/constrs_1/new/pin_constraints.xdc:128]
Resolution: If [get_<value>] was used to populate the object, check to make sure this command returns at least one valid object.
WARNING: [Vivado 12-584] No ports matched 'VGA_B[0]'. [C:/Users/jorda/VivadoProjects/SavedProjects2/project_1b/project_1b.srcs/constrs_1/new/pin_constraints.xdc:129]
CRITICAL WARNING: [Common 17-55] 'set_property' expects at least one object. [C:/Users/jorda/VivadoProjects/SavedProjects2/project_1b/project_1b.srcs/constrs_1/new/pin_constraints.xdc:129]
Resolution: If [get_<value>] was used to populate the object, check to make sure this command returns at least one valid object.
WARNING: [Vivado 12-584] No ports matched 'VGA_B[1]'. [C:/Users/jorda/VivadoProjects/SavedProjects2/project_1b/project_1b.srcs/constrs_1/new/pin_constraints.xdc:130]
CRITICAL WARNING: [Common 17-55] 'set_property' expects at least one object. [C:/Users/jorda/VivadoProjects/SavedProjects2/project_1b/project_1b.srcs/constrs_1/new/pin_constraints.xdc:130]
Resolution: If [get_<value>] was used to populate the object, check to make sure this command returns at least one valid object.
WARNING: [Vivado 12-584] No ports matched 'VGA_B[2]'. [C:/Users/jorda/VivadoProjects/SavedProjects2/project_1b/project_1b.srcs/constrs_1/new/pin_constraints.xdc:131]
CRITICAL WARNING: [Common 17-55] 'set_property' expects at least one object. [C:/Users/jorda/VivadoProjects/SavedProjects2/project_1b/project_1b.srcs/constrs_1/new/pin_constraints.xdc:131]
Resolution: If [get_<value>] was used to populate the object, check to make sure this command returns at least one valid object.
WARNING: [Vivado 12-584] No ports matched 'VGA_B[3]'. [C:/Users/jorda/VivadoProjects/SavedProjects2/project_1b/project_1b.srcs/constrs_1/new/pin_constraints.xdc:132]
CRITICAL WARNING: [Common 17-55] 'set_property' expects at least one object. [C:/Users/jorda/VivadoProjects/SavedProjects2/project_1b/project_1b.srcs/constrs_1/new/pin_constraints.xdc:132]
Resolution: If [get_<value>] was used to populate the object, check to make sure this command returns at least one valid object.
WARNING: [Vivado 12-584] No ports matched 'VGA_G[0]'. [C:/Users/jorda/VivadoProjects/SavedProjects2/project_1b/project_1b.srcs/constrs_1/new/pin_constraints.xdc:136]
CRITICAL WARNING: [Common 17-55] 'set_property' expects at least one object. [C:/Users/jorda/VivadoProjects/SavedProjects2/project_1b/project_1b.srcs/constrs_1/new/pin_constraints.xdc:136]
Resolution: If [get_<value>] was used to populate the object, check to make sure this command returns at least one valid object.
WARNING: [Vivado 12-584] No ports matched 'VGA_G[1]'. [C:/Users/jorda/VivadoProjects/SavedProjects2/project_1b/project_1b.srcs/constrs_1/new/pin_constraints.xdc:137]
CRITICAL WARNING: [Common 17-55] 'set_property' expects at least one object. [C:/Users/jorda/VivadoProjects/SavedProjects2/project_1b/project_1b.srcs/constrs_1/new/pin_constraints.xdc:137]
Resolution: If [get_<value>] was used to populate the object, check to make sure this command returns at least one valid object.
WARNING: [Vivado 12-584] No ports matched 'VGA_G[2]'. [C:/Users/jorda/VivadoProjects/SavedProjects2/project_1b/project_1b.srcs/constrs_1/new/pin_constraints.xdc:138]
CRITICAL WARNING: [Common 17-55] 'set_property' expects at least one object. [C:/Users/jorda/VivadoProjects/SavedProjects2/project_1b/project_1b.srcs/constrs_1/new/pin_constraints.xdc:138]
Resolution: If [get_<value>] was used to populate the object, check to make sure this command returns at least one valid object.
WARNING: [Vivado 12-584] No ports matched 'VGA_G[3]'. [C:/Users/jorda/VivadoProjects/SavedProjects2/project_1b/project_1b.srcs/constrs_1/new/pin_constraints.xdc:139]
CRITICAL WARNING: [Common 17-55] 'set_property' expects at least one object. [C:/Users/jorda/VivadoProjects/SavedProjects2/project_1b/project_1b.srcs/constrs_1/new/pin_constraints.xdc:139]
Resolution: If [get_<value>] was used to populate the object, check to make sure this command returns at least one valid object.
WARNING: [Vivado 12-584] No ports matched 'VGA_HS_O'. [C:/Users/jorda/VivadoProjects/SavedProjects2/project_1b/project_1b.srcs/constrs_1/new/pin_constraints.xdc:140]
CRITICAL WARNING: [Common 17-55] 'set_property' expects at least one object. [C:/Users/jorda/VivadoProjects/SavedProjects2/project_1b/project_1b.srcs/constrs_1/new/pin_constraints.xdc:140]
Resolution: If [get_<value>] was used to populate the object, check to make sure this command returns at least one valid object.
WARNING: [Vivado 12-584] No ports matched 'VGA_VS_O'. [C:/Users/jorda/VivadoProjects/SavedProjects2/project_1b/project_1b.srcs/constrs_1/new/pin_constraints.xdc:141]
CRITICAL WARNING: [Common 17-55] 'set_property' expects at least one object. [C:/Users/jorda/VivadoProjects/SavedProjects2/project_1b/project_1b.srcs/constrs_1/new/pin_constraints.xdc:141]
Resolution: If [get_<value>] was used to populate the object, check to make sure this command returns at least one valid object.
Finished Parsing XDC File [C:/Users/jorda/VivadoProjects/SavedProjects2/project_1b/project_1b.srcs/constrs_1/new/pin_constraints.xdc]
INFO: [Opt 31-138] Pushed 0 inverter(s) to 0 load pin(s).
Netlist sorting complete. Time (s): cpu = 00:00:00 ; elapsed = 00:00:00 . Memory (MB): peak = 1283.137 ; gain = 0.000
INFO: [Project 1-111] Unisim Transformation Summary:
No Unisim elements were transformed.

14 Infos, 16 Warnings, 16 Critical Warnings and 0 Errors encountered.
link_design completed successfully
link_design: Time (s): cpu = 00:00:05 ; elapsed = 00:00:08 . Memory (MB): peak = 1283.137 ; gain = 0.000
Command: opt_design
Attempting to get a license for feature 'Implementation' and/or device 'xc7z010'
INFO: [Common 17-349] Got license for feature 'Implementation' and/or device 'xc7z010'
Running DRC as a precondition to command opt_design

Starting DRC Task
INFO: [DRC 23-27] Running DRC with 2 threads
INFO: [Project 1-461] DRC finished with 0 Errors
INFO: [Project 1-462] Please refer to the DRC report (report_drc) for more information.

Time (s): cpu = 00:00:01 ; elapsed = 00:00:01 . Memory (MB): peak = 1283.137 ; gain = 0.000

Starting Cache Timing Information Task
INFO: [Timing 38-35] Done setting XDC timing constraints.
Ending Cache Timing Information Task | Checksum: 1ae41ce3e

Time (s): cpu = 00:00:05 ; elapsed = 00:00:06 . Memory (MB): peak = 1544.426 ; gain = 261.289

Starting Logic Optimization Task

Phase 1 Retarget
INFO: [Opt 31-138] Pushed 0 inverter(s) to 0 load pin(s).
INFO: [Opt 31-49] Retargeted 0 cell(s).
Phase 1 Retarget | Checksum: 22de15a8d

Time (s): cpu = 00:00:00 ; elapsed = 00:00:00.103 . Memory (MB): peak = 1762.465 ; gain = 0.000
INFO: [Opt 31-389] Phase Retarget created 4 cells and removed 29 cells

Phase 2 Constant propagation
INFO: [Opt 31-138] Pushed 0 inverter(s) to 0 load pin(s).
Phase 2 Constant propagation | Checksum: 1d7859285

Time (s): cpu = 00:00:00 ; elapsed = 00:00:00.118 . Memory (MB): peak = 1762.465 ; gain = 0.000
INFO: [Opt 31-389] Phase Constant propagation created 0 cells and removed 8 cells

Phase 3 Sweep
Phase 3 Sweep | Checksum: 23b5f0f9d

Time (s): cpu = 00:00:00 ; elapsed = 00:00:00.267 . Memory (MB): peak = 1762.465 ; gain = 0.000
INFO: [Opt 31-389] Phase Sweep created 4 cells and removed 297 cells

Phase 4 BUFG optimization
Phase 4 BUFG optimization | Checksum: 23b5f0f9d

Time (s): cpu = 00:00:00 ; elapsed = 00:00:00.288 . Memory (MB): peak = 1762.465 ; gain = 0.000
INFO: [Opt 31-662] Phase BUFG optimization created 0 cells of which 0 are BUFGs and removed 0 cells.

Phase 5 Shift Register Optimization
INFO: [Opt 31-1064] SRL Remap converted 0 SRLs to 0 registers and converted 0 registers of register chains to 0 SRLs
Phase 5 Shift Register Optimization | Checksum: 23b5f0f9d

Time (s): cpu = 00:00:00 ; elapsed = 00:00:00.295 . Memory (MB): peak = 1762.465 ; gain = 0.000
INFO: [Opt 31-389] Phase Shift Register Optimization created 0 cells and removed 0 cells

Phase 6 Post Processing Netlist
Phase 6 Post Processing Netlist | Checksum: 1cb8e478a

Time (s): cpu = 00:00:00 ; elapsed = 00:00:00.309 . Memory (MB): peak = 1762.465 ; gain = 0.000
INFO: [Opt 31-389] Phase Post Processing Netlist created 0 cells and removed 0 cells
Opt_design Change Summary
=========================


-------------------------------------------------------------------------------------------------------------------------
|  Phase                        |  #Cells created  |  #Cells Removed  |  #Constrained objects preventing optimizations  |
-------------------------------------------------------------------------------------------------------------------------
|  Retarget                     |               4  |              29  |                                              0  |
|  Constant propagation         |               0  |               8  |                                              0  |
|  Sweep                        |               4  |             297  |                                              0  |
|  BUFG optimization            |               0  |               0  |                                              0  |
|  Shift Register Optimization  |               0  |               0  |                                              0  |
|  Post Processing Netlist      |               0  |               0  |                                              0  |
-------------------------------------------------------------------------------------------------------------------------



Starting Connectivity Check Task

Time (s): cpu = 00:00:00 ; elapsed = 00:00:00.002 . Memory (MB): peak = 1762.465 ; gain = 0.000
Ending Logic Optimization Task | Checksum: 2351d49ef

Time (s): cpu = 00:00:00 ; elapsed = 00:00:00.356 . Memory (MB): peak = 1762.465 ; gain = 0.000

Starting Power Optimization Task
INFO: [Pwropt 34-132] Skipping clock gating for clocks with a period < 2.00 ns.
Ending Power Optimization Task | Checksum: 2351d49ef

Time (s): cpu = 00:00:00 ; elapsed = 00:00:00.024 . Memory (MB): peak = 1762.465 ; gain = 0.000

Starting Final Cleanup Task
Ending Final Cleanup Task | Checksum: 2351d49ef

Time (s): cpu = 00:00:00 ; elapsed = 00:00:00 . Memory (MB): peak = 1762.465 ; gain = 0.000

Starting Netlist Obfuscation Task
Netlist sorting complete. Time (s): cpu = 00:00:00 ; elapsed = 00:00:00.001 . Memory (MB): peak = 1762.465 ; gain = 0.000
Ending Netlist Obfuscation Task | Checksum: 2351d49ef

Time (s): cpu = 00:00:00 ; elapsed = 00:00:00.001 . Memory (MB): peak = 1762.465 ; gain = 0.000
INFO: [Common 17-83] Releasing license: Implementation
31 Infos, 16 Warnings, 16 Critical Warnings and 0 Errors encountered.
opt_design completed successfully
opt_design: Time (s): cpu = 00:00:08 ; elapsed = 00:00:09 . Memory (MB): peak = 1762.465 ; gain = 479.328
INFO: [Timing 38-480] Writing timing data to binary archive.
Writing placer database...
Writing XDEF routing.
Writing XDEF routing logical nets.
Writing XDEF routing special nets.
Write XDEF Complete: Time (s): cpu = 00:00:01 ; elapsed = 00:00:00.065 . Memory (MB): peak = 1762.465 ; gain = 0.000
INFO: [Common 17-1381] The checkpoint 'C:/Users/jorda/VivadoProjects/SavedProjects2/project_1b/project_1b.runs/impl_1/design_1_wrapper_opt.dcp' has been generated.
INFO: [runtcl-4] Executing : report_drc -file design_1_wrapper_drc_opted.rpt -pb design_1_wrapper_drc_opted.pb -rpx design_1_wrapper_drc_opted.rpx
Command: report_drc -file design_1_wrapper_drc_opted.rpt -pb design_1_wrapper_drc_opted.pb -rpx design_1_wrapper_drc_opted.rpx
INFO: [IP_Flow 19-1839] IP Catalog is up to date.
INFO: [Timing 38-35] Done setting XDC timing constraints.
INFO: [DRC 23-27] Running DRC with 2 threads
INFO: [Vivado_Tcl 2-168] The results of DRC are in file C:/Users/jorda/VivadoProjects/SavedProjects2/project_1b/project_1b.runs/impl_1/design_1_wrapper_drc_opted.rpt.
report_drc completed successfully
Command: place_design
Attempting to get a license for feature 'Implementation' and/or device 'xc7z010'
INFO: [Common 17-349] Got license for feature 'Implementation' and/or device 'xc7z010'
INFO: [DRC 23-27] Running DRC with 2 threads
INFO: [Vivado_Tcl 4-198] DRC finished with 0 Errors
INFO: [Vivado_Tcl 4-199] Please refer to the DRC report (report_drc) for more information.
Running DRC as a precondition to command place_design
INFO: [DRC 23-27] Running DRC with 2 threads
INFO: [Vivado_Tcl 4-198] DRC finished with 0 Errors
INFO: [Vivado_Tcl 4-199] Please refer to the DRC report (report_drc) for more information.

Starting Placer Task
INFO: [Place 30-611] Multithreading enabled for place_design using a maximum of 2 CPUs

Phase 1 Placer Initialization

Phase 1.1 Placer Initialization Netlist Sorting
Netlist sorting complete. Time (s): cpu = 00:00:00 ; elapsed = 00:00:00 . Memory (MB): peak = 1801.727 ; gain = 0.000
Phase 1.1 Placer Initialization Netlist Sorting | Checksum: 17fb6496a

Time (s): cpu = 00:00:00 ; elapsed = 00:00:00.031 . Memory (MB): peak = 1801.727 ; gain = 0.000
Netlist sorting complete. Time (s): cpu = 00:00:00 ; elapsed = 00:00:00 . Memory (MB): peak = 1801.727 ; gain = 0.000

Phase 1.2 IO Placement/ Clock Placement/ Build Placer Device
Phase 1.2 IO Placement/ Clock Placement/ Build Placer Device | Checksum: 1062aa878

Time (s): cpu = 00:00:00 ; elapsed = 00:00:00.464 . Memory (MB): peak = 1801.727 ; gain = 0.000

Phase 1.3 Build Placer Netlist Model
Phase 1.3 Build Placer Netlist Model | Checksum: 1c6032b89

Time (s): cpu = 00:00:00 ; elapsed = 00:00:00.768 . Memory (MB): peak = 1801.727 ; gain = 0.000

Phase 1.4 Constrain Clocks/Macros
Phase 1.4 Constrain Clocks/Macros | Checksum: 1c6032b89

Time (s): cpu = 00:00:00 ; elapsed = 00:00:00.774 . Memory (MB): peak = 1801.727 ; gain = 0.000
Phase 1 Placer Initialization | Checksum: 1c6032b89

Time (s): cpu = 00:00:00 ; elapsed = 00:00:00.789 . Memory (MB): peak = 1801.727 ; gain = 0.000

Phase 2 Global Placement

Phase 2.1 Floorplanning
Phase 2.1 Floorplanning | Checksum: 150d42330

Time (s): cpu = 00:00:01 ; elapsed = 00:00:00.938 . Memory (MB): peak = 1801.727 ; gain = 0.000

Phase 2.2 Update Timing before SLR Path Opt
Phase 2.2 Update Timing before SLR Path Opt | Checksum: 1abfde5f7

Time (s): cpu = 00:00:01 ; elapsed = 00:00:01 . Memory (MB): peak = 1801.727 ; gain = 0.000

Phase 2.3 Post-Processing in Floorplanning
Phase 2.3 Post-Processing in Floorplanning | Checksum: 1abfde5f7

Time (s): cpu = 00:00:01 ; elapsed = 00:00:01 . Memory (MB): peak = 1801.727 ; gain = 0.000

Phase 2.4 Global Placement Core

Phase 2.4.1 Physical Synthesis In Placer
INFO: [Physopt 32-1035] Found 0 LUTNM shape to break, 21 LUT instances to create LUTNM shape
INFO: [Physopt 32-1044] Break lutnm for timing: one critical 0, two critical 0, total 0, new lutff created 0
INFO: [Physopt 32-1138] End 1 Pass. Optimized 9 nets or LUTs. Breaked 0 LUT, combined 9 existing LUTs and moved 0 existing LUT
INFO: [Physopt 32-65] No nets found for high-fanout optimization.
INFO: [Physopt 32-232] Optimized 0 net. Created 0 new instance.
INFO: [Physopt 32-775] End 1 Pass. Optimized 0 net or cell. Created 0 new cell, deleted 0 existing cell and moved 0 existing cell
INFO: [Physopt 32-670] No setup violation found.  DSP Register Optimization was not performed.
INFO: [Physopt 32-670] No setup violation found.  Shift Register to Pipeline Optimization was not performed.
INFO: [Physopt 32-670] No setup violation found.  Shift Register Optimization was not performed.
INFO: [Physopt 32-670] No setup violation found.  BRAM Register Optimization was not performed.
INFO: [Physopt 32-670] No setup violation found.  URAM Register Optimization was not performed.
INFO: [Physopt 32-949] No candidate nets found for dynamic/static region interface net replication
INFO: [Physopt 32-775] End 1 Pass. Optimized 0 net or cell. Created 0 new cell, deleted 0 existing cell and moved 0 existing cell
Netlist sorting complete. Time (s): cpu = 00:00:00 ; elapsed = 00:00:00 . Memory (MB): peak = 1801.727 ; gain = 0.000

Summary of Physical Synthesis Optimizations
============================================


-----------------------------------------------------------------------------------------------------------------------------------------------------------
|  Optimization                                     |  Added Cells  |  Removed Cells  |  Optimized Cells/Nets  |  Dont Touch  |  Iterations  |  Elapsed   |
-----------------------------------------------------------------------------------------------------------------------------------------------------------
|  LUT Combining                                    |            0  |              9  |                     9  |           0  |           1  |  00:00:00  |
|  Retime                                           |            0  |              0  |                     0  |           0  |           1  |  00:00:00  |
|  Very High Fanout                                 |            0  |              0  |                     0  |           0  |           1  |  00:00:00  |
|  DSP Register                                     |            0  |              0  |                     0  |           0  |           0  |  00:00:00  |
|  Shift Register to Pipeline                       |            0  |              0  |                     0  |           0  |           0  |  00:00:00  |
|  Shift Register                                   |            0  |              0  |                     0  |           0  |           0  |  00:00:00  |
|  BRAM Register                                    |            0  |              0  |                     0  |           0  |           0  |  00:00:00  |
|  URAM Register                                    |            0  |              0  |                     0  |           0  |           0  |  00:00:00  |
|  Dynamic/Static Region Interface Net Replication  |            0  |              0  |                     0  |           0  |           1  |  00:00:00  |
|  Total                                            |            0  |              9  |                     9  |           0  |           4  |  00:00:00  |
-----------------------------------------------------------------------------------------------------------------------------------------------------------


Phase 2.4.1 Physical Synthesis In Placer | Checksum: 1351539d5

Time (s): cpu = 00:00:03 ; elapsed = 00:00:03 . Memory (MB): peak = 1801.727 ; gain = 0.000
Phase 2.4 Global Placement Core | Checksum: 126618bbc

Time (s): cpu = 00:00:03 ; elapsed = 00:00:03 . Memory (MB): peak = 1801.727 ; gain = 0.000
Phase 2 Global Placement | Checksum: 126618bbc

Time (s): cpu = 00:00:03 ; elapsed = 00:00:03 . Memory (MB): peak = 1801.727 ; gain = 0.000

Phase 3 Detail Placement

Phase 3.1 Commit Multi Column Macros
Phase 3.1 Commit Multi Column Macros | Checksum: 174a0fd2e

Time (s): cpu = 00:00:03 ; elapsed = 00:00:03 . Memory (MB): peak = 1801.727 ; gain = 0.000

Phase 3.2 Commit Most Macros & LUTRAMs
Phase 3.2 Commit Most Macros & LUTRAMs | Checksum: 1242cd1cc

Time (s): cpu = 00:00:03 ; elapsed = 00:00:03 . Memory (MB): peak = 1801.727 ; gain = 0.000

Phase 3.3 Area Swap Optimization
Phase 3.3 Area Swap Optimization | Checksum: 132f170f8

Time (s): cpu = 00:00:03 ; elapsed = 00:00:03 . Memory (MB): peak = 1801.727 ; gain = 0.000

Phase 3.4 Pipeline Register Optimization
Phase 3.4 Pipeline Register Optimization | Checksum: 13f936fd8

Time (s): cpu = 00:00:03 ; elapsed = 00:00:03 . Memory (MB): peak = 1801.727 ; gain = 0.000

Phase 3.5 Small Shape Detail Placement
Phase 3.5 Small Shape Detail Placement | Checksum: 1348f858d

Time (s): cpu = 00:00:03 ; elapsed = 00:00:03 . Memory (MB): peak = 1801.727 ; gain = 0.000

Phase 3.6 Re-assign LUT pins
Phase 3.6 Re-assign LUT pins | Checksum: 121f9fa52

Time (s): cpu = 00:00:03 ; elapsed = 00:00:03 . Memory (MB): peak = 1801.727 ; gain = 0.000

Phase 3.7 Pipeline Register Optimization
Phase 3.7 Pipeline Register Optimization | Checksum: 116cffd72

Time (s): cpu = 00:00:03 ; elapsed = 00:00:03 . Memory (MB): peak = 1801.727 ; gain = 0.000
Phase 3 Detail Placement | Checksum: 116cffd72

Time (s): cpu = 00:00:03 ; elapsed = 00:00:03 . Memory (MB): peak = 1801.727 ; gain = 0.000

Phase 4 Post Placement Optimization and Clean-Up

Phase 4.1 Post Commit Optimization
INFO: [Timing 38-35] Done setting XDC timing constraints.

Phase 4.1.1 Post Placement Optimization
Post Placement Optimization Initialization | Checksum: 1a98ab7aa

Phase 4.1.1.1 BUFG Insertion

Starting Physical Synthesis Task

Phase 1 Physical Synthesis Initialization
INFO: [Physopt 32-721] Multithreading enabled for phys_opt_design using a maximum of 2 CPUs
INFO: [Physopt 32-619] Estimated Timing Summary | WNS=13.131 | TNS=0.000 |
Phase 1 Physical Synthesis Initialization | Checksum: 20391e63e

Time (s): cpu = 00:00:01 ; elapsed = 00:00:00.039 . Memory (MB): peak = 1801.727 ; gain = 0.000
INFO: [Place 46-56] BUFG insertion identified 0 candidate nets. Inserted BUFG: 0, Replicated BUFG Driver: 0, Skipped due to Placement/Routing Conflicts: 0, Skipped due to Timing Degradation: 0, Skipped due to Illegal Netlist: 0.
Ending Physical Synthesis Task | Checksum: 206c61ebe

Time (s): cpu = 00:00:01 ; elapsed = 00:00:00.045 . Memory (MB): peak = 1801.727 ; gain = 0.000
Phase 4.1.1.1 BUFG Insertion | Checksum: 1a98ab7aa

Time (s): cpu = 00:00:04 ; elapsed = 00:00:04 . Memory (MB): peak = 1801.727 ; gain = 0.000

Phase 4.1.1.2 Post Placement Timing Optimization
INFO: [Place 30-746] Post Placement Timing Summary WNS=13.131. For the most accurate timing information please run report_timing.
Phase 4.1.1.2 Post Placement Timing Optimization | Checksum: 24c7b0619

Time (s): cpu = 00:00:04 ; elapsed = 00:00:04 . Memory (MB): peak = 1801.727 ; gain = 0.000

Time (s): cpu = 00:00:04 ; elapsed = 00:00:04 . Memory (MB): peak = 1801.727 ; gain = 0.000
Phase 4.1 Post Commit Optimization | Checksum: 24c7b0619

Time (s): cpu = 00:00:04 ; elapsed = 00:00:04 . Memory (MB): peak = 1801.727 ; gain = 0.000

Phase 4.2 Post Placement Cleanup
Phase 4.2 Post Placement Cleanup | Checksum: 24c7b0619

Time (s): cpu = 00:00:04 ; elapsed = 00:00:04 . Memory (MB): peak = 1801.727 ; gain = 0.000

Phase 4.3 Placer Reporting

Phase 4.3.1 Print Estimated Congestion
INFO: [Place 30-612] Post-Placement Estimated Congestion 
 ____________________________________________________
|           | Global Congestion | Short Congestion  |
| Direction | Region Size       | Region Size       |
|___________|___________________|___________________|
|      North|                1x1|                1x1|
|___________|___________________|___________________|
|      South|                1x1|                1x1|
|___________|___________________|___________________|
|       East|                1x1|                1x1|
|___________|___________________|___________________|
|       West|                1x1|                1x1|
|___________|___________________|___________________|

Phase 4.3.1 Print Estimated Congestion | Checksum: 24c7b0619

Time (s): cpu = 00:00:04 ; elapsed = 00:00:04 . Memory (MB): peak = 1801.727 ; gain = 0.000
Phase 4.3 Placer Reporting | Checksum: 24c7b0619

Time (s): cpu = 00:00:04 ; elapsed = 00:00:04 . Memory (MB): peak = 1801.727 ; gain = 0.000

Phase 4.4 Final Placement Cleanup
Netlist sorting complete. Time (s): cpu = 00:00:00 ; elapsed = 00:00:00 . Memory (MB): peak = 1801.727 ; gain = 0.000

Time (s): cpu = 00:00:04 ; elapsed = 00:00:04 . Memory (MB): peak = 1801.727 ; gain = 0.000
Phase 4 Post Placement Optimization and Clean-Up | Checksum: 1f3a3fd74

Time (s): cpu = 00:00:04 ; elapsed = 00:00:04 . Memory (MB): peak = 1801.727 ; gain = 0.000
Ending Placer Task | Checksum: f8881594

Time (s): cpu = 00:00:04 ; elapsed = 00:00:04 . Memory (MB): peak = 1801.727 ; gain = 0.000
INFO: [Common 17-83] Releasing license: Implementation
66 Infos, 16 Warnings, 16 Critical Warnings and 0 Errors encountered.
place_design completed successfully
INFO: [Timing 38-480] Writing timing data to binary archive.
Writing placer database...
Writing XDEF routing.
Writing XDEF routing logical nets.
Writing XDEF routing special nets.
Write XDEF Complete: Time (s): cpu = 00:00:00 ; elapsed = 00:00:00.127 . Memory (MB): peak = 1801.727 ; gain = 0.000
INFO: [Common 17-1381] The checkpoint 'C:/Users/jorda/VivadoProjects/SavedProjects2/project_1b/project_1b.runs/impl_1/design_1_wrapper_placed.dcp' has been generated.
INFO: [runtcl-4] Executing : report_io -file design_1_wrapper_io_placed.rpt
report_io: Time (s): cpu = 00:00:00 ; elapsed = 00:00:00.037 . Memory (MB): peak = 1801.727 ; gain = 0.000
INFO: [runtcl-4] Executing : report_utilization -file design_1_wrapper_utilization_placed.rpt -pb design_1_wrapper_utilization_placed.pb
INFO: [runtcl-4] Executing : report_control_sets -verbose -file design_1_wrapper_control_sets_placed.rpt
report_control_sets: Time (s): cpu = 00:00:00 ; elapsed = 00:00:00.004 . Memory (MB): peak = 1801.727 ; gain = 0.000
Command: phys_opt_design
Attempting to get a license for feature 'Implementation' and/or device 'xc7z010'
INFO: [Common 17-349] Got license for feature 'Implementation' and/or device 'xc7z010'
INFO: [Vivado_Tcl 4-383] Design worst setup slack (WNS) is greater than or equal to 0.000 ns. Skipping all physical synthesis optimizations.
INFO: [Vivado_Tcl 4-232] No setup violation found. The netlist was not modified.
INFO: [Common 17-83] Releasing license: Implementation
75 Infos, 16 Warnings, 16 Critical Warnings and 0 Errors encountered.
phys_opt_design completed successfully
INFO: [Timing 38-480] Writing timing data to binary archive.
Writing placer database...
Writing XDEF routing.
Writing XDEF routing logical nets.
Writing XDEF routing special nets.
Write XDEF Complete: Time (s): cpu = 00:00:00 ; elapsed = 00:00:00.127 . Memory (MB): peak = 1801.727 ; gain = 0.000
INFO: [Common 17-1381] The checkpoint 'C:/Users/jorda/VivadoProjects/SavedProjects2/project_1b/project_1b.runs/impl_1/design_1_wrapper_physopt.dcp' has been generated.
Command: route_design
Attempting to get a license for feature 'Implementation' and/or device 'xc7z010'
INFO: [Common 17-349] Got license for feature 'Implementation' and/or device 'xc7z010'
Running DRC as a precondition to command route_design
INFO: [DRC 23-27] Running DRC with 2 threads
INFO: [Vivado_Tcl 4-198] DRC finished with 0 Errors
INFO: [Vivado_Tcl 4-199] Please refer to the DRC report (report_drc) for more information.


Starting Routing Task
INFO: [Route 35-254] Multithreading enabled for route_design using a maximum of 2 CPUs
Checksum: PlaceDB: 5b5fd1f1 ConstDB: 0 ShapeSum: 9d2843a3 RouteDB: 0

Phase 1 Build RT Design
Phase 1 Build RT Design | Checksum: eac1785a

Time (s): cpu = 00:00:09 ; elapsed = 00:00:08 . Memory (MB): peak = 1839.496 ; gain = 32.871
Post Restoration Checksum: NetGraph: 3cf645cc NumContArr: adcb328e Constraints: 0 Timing: 0

Phase 2 Router Initialization

Phase 2.1 Create Timer
Phase 2.1 Create Timer | Checksum: eac1785a

Time (s): cpu = 00:00:09 ; elapsed = 00:00:08 . Memory (MB): peak = 1839.516 ; gain = 32.891

Phase 2.2 Fix Topology Constraints
Phase 2.2 Fix Topology Constraints | Checksum: eac1785a

Time (s): cpu = 00:00:09 ; elapsed = 00:00:08 . Memory (MB): peak = 1845.480 ; gain = 38.855

Phase 2.3 Pre Route Cleanup
Phase 2.3 Pre Route Cleanup | Checksum: eac1785a

Time (s): cpu = 00:00:09 ; elapsed = 00:00:08 . Memory (MB): peak = 1845.480 ; gain = 38.855
 Number of Nodes with overlaps = 0

Phase 2.4 Update Timing
Phase 2.4 Update Timing | Checksum: 2319726b7

Time (s): cpu = 00:00:09 ; elapsed = 00:00:09 . Memory (MB): peak = 1851.238 ; gain = 44.613
INFO: [Route 35-416] Intermediate Timing Summary | WNS=13.123 | TNS=0.000  | WHS=-0.188 | THS=-13.116|

Phase 2 Router Initialization | Checksum: 18e79dc79

Time (s): cpu = 00:00:09 ; elapsed = 00:00:09 . Memory (MB): peak = 1852.230 ; gain = 45.605

Router Utilization Summary
  Global Vertical Routing Utilization    = 0 %
  Global Horizontal Routing Utilization  = 0 %
  Routable Net Status*
  *Does not include unroutable nets such as driverless and loadless.
  Run report_route_status for detailed report.
  Number of Failed Nets               = 1003
    (Failed Nets is the sum of unrouted and partially routed nets)
  Number of Unrouted Nets             = 1003
  Number of Partially Routed Nets     = 0
  Number of Node Overlaps             = 0


Phase 3 Initial Routing

Phase 3.1 Global Routing
Phase 3.1 Global Routing | Checksum: 18e79dc79

Time (s): cpu = 00:00:09 ; elapsed = 00:00:09 . Memory (MB): peak = 1855.008 ; gain = 48.383
Phase 3 Initial Routing | Checksum: 1b591a910

Time (s): cpu = 00:00:10 ; elapsed = 00:00:09 . Memory (MB): peak = 1855.008 ; gain = 48.383

Phase 4 Rip-up And Reroute

Phase 4.1 Global Iteration 0
 Number of Nodes with overlaps = 35
 Number of Nodes with overlaps = 0
INFO: [Route 35-416] Intermediate Timing Summary | WNS=13.076 | TNS=0.000  | WHS=N/A    | THS=N/A    |

Phase 4.1 Global Iteration 0 | Checksum: 14b7bd046

Time (s): cpu = 00:00:10 ; elapsed = 00:00:09 . Memory (MB): peak = 1855.008 ; gain = 48.383

Phase 4.2 Global Iteration 1
 Number of Nodes with overlaps = 0
INFO: [Route 35-416] Intermediate Timing Summary | WNS=13.076 | TNS=0.000  | WHS=N/A    | THS=N/A    |

Phase 4.2 Global Iteration 1 | Checksum: 243a875d9

Time (s): cpu = 00:00:10 ; elapsed = 00:00:09 . Memory (MB): peak = 1855.008 ; gain = 48.383
Phase 4 Rip-up And Reroute | Checksum: 243a875d9

Time (s): cpu = 00:00:10 ; elapsed = 00:00:09 . Memory (MB): peak = 1855.008 ; gain = 48.383

Phase 5 Delay and Skew Optimization

Phase 5.1 Delay CleanUp
Phase 5.1 Delay CleanUp | Checksum: 243a875d9

Time (s): cpu = 00:00:10 ; elapsed = 00:00:09 . Memory (MB): peak = 1855.008 ; gain = 48.383

Phase 5.2 Clock Skew Optimization
Phase 5.2 Clock Skew Optimization | Checksum: 243a875d9

Time (s): cpu = 00:00:10 ; elapsed = 00:00:09 . Memory (MB): peak = 1855.008 ; gain = 48.383
Phase 5 Delay and Skew Optimization | Checksum: 243a875d9

Time (s): cpu = 00:00:10 ; elapsed = 00:00:09 . Memory (MB): peak = 1855.008 ; gain = 48.383

Phase 6 Post Hold Fix

Phase 6.1 Hold Fix Iter

Phase 6.1.1 Update Timing
Phase 6.1.1 Update Timing | Checksum: 1e3bf2ed5

Time (s): cpu = 00:00:10 ; elapsed = 00:00:09 . Memory (MB): peak = 1855.008 ; gain = 48.383
INFO: [Route 35-416] Intermediate Timing Summary | WNS=13.225 | TNS=0.000  | WHS=0.023  | THS=0.000  |

Phase 6.1 Hold Fix Iter | Checksum: 1f4fb944e

Time (s): cpu = 00:00:10 ; elapsed = 00:00:09 . Memory (MB): peak = 1855.008 ; gain = 48.383
Phase 6 Post Hold Fix | Checksum: 1f4fb944e

Time (s): cpu = 00:00:10 ; elapsed = 00:00:09 . Memory (MB): peak = 1855.008 ; gain = 48.383

Phase 7 Route finalize

Router Utilization Summary
  Global Vertical Routing Utilization    = 0.326295 %
  Global Horizontal Routing Utilization  = 0.469439 %
  Routable Net Status*
  *Does not include unroutable nets such as driverless and loadless.
  Run report_route_status for detailed report.
  Number of Failed Nets               = 0
    (Failed Nets is the sum of unrouted and partially routed nets)
  Number of Unrouted Nets             = 0
  Number of Partially Routed Nets     = 0
  Number of Node Overlaps             = 0

Phase 7 Route finalize | Checksum: 1b8496312

Time (s): cpu = 00:00:10 ; elapsed = 00:00:09 . Memory (MB): peak = 1855.008 ; gain = 48.383

Phase 8 Verifying routed nets

 Verification completed successfully
Phase 8 Verifying routed nets | Checksum: 1b8496312

Time (s): cpu = 00:00:10 ; elapsed = 00:00:09 . Memory (MB): peak = 1856.000 ; gain = 49.375

Phase 9 Depositing Routes
Phase 9 Depositing Routes | Checksum: 189f59a17

Time (s): cpu = 00:00:10 ; elapsed = 00:00:09 . Memory (MB): peak = 1856.000 ; gain = 49.375

Phase 10 Post Router Timing
INFO: [Route 35-57] Estimated Timing Summary | WNS=13.225 | TNS=0.000  | WHS=0.023  | THS=0.000  |

INFO: [Route 35-327] The final timing numbers are based on the router estimated timing analysis. For a complete and accurate timing signoff, please run report_timing_summary.
Phase 10 Post Router Timing | Checksum: 189f59a17

Time (s): cpu = 00:00:10 ; elapsed = 00:00:09 . Memory (MB): peak = 1856.000 ; gain = 49.375
INFO: [Route 35-16] Router Completed Successfully

Time (s): cpu = 00:00:10 ; elapsed = 00:00:09 . Memory (MB): peak = 1856.000 ; gain = 49.375

Routing Is Done.
INFO: [Common 17-83] Releasing license: Implementation
90 Infos, 16 Warnings, 16 Critical Warnings and 0 Errors encountered.
route_design completed successfully
route_design: Time (s): cpu = 00:00:12 ; elapsed = 00:00:10 . Memory (MB): peak = 1856.000 ; gain = 54.273
INFO: [Timing 38-480] Writing timing data to binary archive.
Writing placer database...
Writing XDEF routing.
Writing XDEF routing logical nets.
Writing XDEF routing special nets.
Write XDEF Complete: Time (s): cpu = 00:00:01 ; elapsed = 00:00:00.154 . Memory (MB): peak = 1865.906 ; gain = 9.906
INFO: [Common 17-1381] The checkpoint 'C:/Users/jorda/VivadoProjects/SavedProjects2/project_1b/project_1b.runs/impl_1/design_1_wrapper_routed.dcp' has been generated.
INFO: [runtcl-4] Executing : report_drc -file design_1_wrapper_drc_routed.rpt -pb design_1_wrapper_drc_routed.pb -rpx design_1_wrapper_drc_routed.rpx
Command: report_drc -file design_1_wrapper_drc_routed.rpt -pb design_1_wrapper_drc_routed.pb -rpx design_1_wrapper_drc_routed.rpx
INFO: [IP_Flow 19-1839] IP Catalog is up to date.
INFO: [DRC 23-27] Running DRC with 2 threads
INFO: [Vivado_Tcl 2-168] The results of DRC are in file C:/Users/jorda/VivadoProjects/SavedProjects2/project_1b/project_1b.runs/impl_1/design_1_wrapper_drc_routed.rpt.
report_drc completed successfully
INFO: [runtcl-4] Executing : report_methodology -file design_1_wrapper_methodology_drc_routed.rpt -pb design_1_wrapper_methodology_drc_routed.pb -rpx design_1_wrapper_methodology_drc_routed.rpx
Command: report_methodology -file design_1_wrapper_methodology_drc_routed.rpt -pb design_1_wrapper_methodology_drc_routed.pb -rpx design_1_wrapper_methodology_drc_routed.rpx
INFO: [Timing 38-35] Done setting XDC timing constraints.
INFO: [DRC 23-133] Running Methodology with 2 threads
INFO: [Vivado_Tcl 2-1520] The results of Report Methodology are in file C:/Users/jorda/VivadoProjects/SavedProjects2/project_1b/project_1b.runs/impl_1/design_1_wrapper_methodology_drc_routed.rpt.
report_methodology completed successfully
INFO: [runtcl-4] Executing : report_power -file design_1_wrapper_power_routed.rpt -pb design_1_wrapper_power_summary_routed.pb -rpx design_1_wrapper_power_routed.rpx
Command: report_power -file design_1_wrapper_power_routed.rpt -pb design_1_wrapper_power_summary_routed.pb -rpx design_1_wrapper_power_routed.rpx
INFO: [Timing 38-35] Done setting XDC timing constraints.
Running Vector-less Activity Propagation...

Finished Running Vector-less Activity Propagation
102 Infos, 16 Warnings, 16 Critical Warnings and 0 Errors encountered.
report_power completed successfully
INFO: [runtcl-4] Executing : report_route_status -file design_1_wrapper_route_status.rpt -pb design_1_wrapper_route_status.pb
INFO: [runtcl-4] Executing : report_timing_summary -max_paths 10 -file design_1_wrapper_timing_summary_routed.rpt -pb design_1_wrapper_timing_summary_routed.pb -rpx design_1_wrapper_timing_summary_routed.rpx -warn_on_violation 
INFO: [Timing 38-91] UpdateTimingParams: Speed grade: -1, Delay Type: min_max.
INFO: [Timing 38-191] Multithreading enabled for timing update using a maximum of 2 CPUs
INFO: [runtcl-4] Executing : report_incremental_reuse -file design_1_wrapper_incremental_reuse_routed.rpt
INFO: [Vivado_Tcl 4-1062] Incremental flow is disabled. No incremental reuse Info to report.
INFO: [runtcl-4] Executing : report_clock_utilization -file design_1_wrapper_clock_utilization_routed.rpt
INFO: [runtcl-4] Executing : report_bus_skew -warn_on_violation -file design_1_wrapper_bus_skew_routed.rpt -pb design_1_wrapper_bus_skew_routed.pb -rpx design_1_wrapper_bus_skew_routed.rpx
INFO: [Timing 38-91] UpdateTimingParams: Speed grade: -1, Delay Type: min_max.
INFO: [Timing 38-191] Multithreading enabled for timing update using a maximum of 2 CPUs
source C:/Users/jorda/VivadoProjects/SavedProjects2/project_1b/pins.tcl
Command: write_bitstream -force design_1_wrapper.bit
Attempting to get a license for feature 'Implementation' and/or device 'xc7z010'
INFO: [Common 17-349] Got license for feature 'Implementation' and/or device 'xc7z010'
Running DRC as a precondition to command write_bitstream
INFO: [IP_Flow 19-1839] IP Catalog is up to date.
INFO: [DRC 23-27] Running DRC with 2 threads
INFO: [Vivado 12-3199] DRC finished with 0 Errors
INFO: [Vivado 12-3200] Please refer to the DRC report (report_drc) for more information.
INFO: [Designutils 20-2272] Running write_bitstream with 2 threads.
Loading data files...
Loading site data...
Loading route data...
Processing options...
Creating bitmap...
Creating bitstream...
Writing bitstream ./design_1_wrapper.bit...
INFO: [Vivado 12-1842] Bitgen Completed Successfully.
INFO: [#UNDEF] WebTalk data collection is mandatory when using a WebPACK part without a full Vivado license. To see the specific WebTalk data collected for your design, open the usage_statistics_webtalk.html or usage_statistics_webtalk.xml file in the implementation directory.
INFO: [Common 17-83] Releasing license: Implementation
12 Infos, 0 Warnings, 0 Critical Warnings and 0 Errors encountered.
write_bitstream completed successfully
write_bitstream: Time (s): cpu = 00:00:10 ; elapsed = 00:00:10 . Memory (MB): peak = 2340.492 ; gain = 437.699
INFO: [Common 17-206] Exiting Vivado at Mon Feb 23 22:54:52 2026...
